
> ridgewood-educations-frontend@0.1.0 build
> next build

